To honour the JVM settings for this build a single-use Daemon process will be forked. For more on this, please refer to https://docs.gradle.org/8.6-rc-1/userguide/gradle_daemon.html#sec:disabling_the_daemon in the Gradle documentation.
Daemon will be stopped at the end of the build 

> Configure project :app
Building with VersionCode: 16785152, VersionName: 1.0.31

> Task :app:clean FAILED

FAILURE: Build failed with an exception.

* What went wrong:
Execution failed for task ':app:clean'.
> java.io.IOException: Unable to delete directory 'D:\Android Projects\ExclusiveTV_APP\app\build'
    Failed to delete some children. This might happen because a process has files open or has its working directory set in the target directory.
    - D:\Android Projects\ExclusiveTV_APP\app\build\outputs\apk\release
    - D:\Android Projects\ExclusiveTV_APP\app\build\outputs\apk
    - D:\Android Projects\ExclusiveTV_APP\app\build\outputs

* Try:
> Run with --stacktrace option to get the stack trace.
> Run with --info or --debug option to get more log output.
> Run with --scan to get full insights.
> Get more help at https://help.gradle.org.

BUILD FAILED in 10s
1 actionable task: 1 executed
