
> Configure project :app
Building with VersionCode: 16779785, VersionName: 1.0.10-9-g8466d00

> Task :app:preBuild UP-TO-DATE
> Task :app:preDebugBuild UP-TO-DATE
> Task :app:mergeDebugNativeDebugMetadata NO-SOURCE
> Task :app:dataBindingMergeDependencyArtifactsDebug UP-TO-DATE
> Task :app:generateDebugResValues UP-TO-DATE
> Task :app:generateDebugResources UP-TO-DATE
> Task :app:injectCrashlyticsMappingFileIdDebug UP-TO-DATE
> Task :app:processDebugGoogleServices UP-TO-DATE
> Task :app:mergeDebugResources UP-TO-DATE
> Task :app:packageDebugResources UP-TO-DATE
> Task :app:parseDebugLocalResources UP-TO-DATE
> Task :app:dataBindingGenBaseClassesDebug UP-TO-DATE
> Task :app:generateDebugBuildConfig UP-TO-DATE
> Task :app:checkDebugAarMetadata UP-TO-DATE
> Task :app:mapDebugSourceSetPaths UP-TO-DATE
> Task :app:createDebugCompatibleScreenManifests UP-TO-DATE
> Task :app:extractDeepLinksDebug UP-TO-DATE
> Task :app:processDebugMainManifest UP-TO-DATE
> Task :app:processDebugManifest UP-TO-DATE
> Task :app:processDebugManifestForPackage UP-TO-DATE
> Task :app:processDebugResources UP-TO-DATE
> Task :app:javaPreCompileDebug UP-TO-DATE
> Task :app:mergeDebugShaders UP-TO-DATE
> Task :app:compileDebugShaders NO-SOURCE
> Task :app:generateDebugAssets UP-TO-DATE
> Task :app:mergeDebugAssets UP-TO-DATE
> Task :app:compressDebugAssets UP-TO-DATE
> Task :app:checkDebugDuplicateClasses UP-TO-DATE
> Task :app:desugarDebugFileDependencies UP-TO-DATE
> Task :app:mergeExtDexDebug UP-TO-DATE
> Task :app:mergeLibDexDebug UP-TO-DATE
> Task :app:mergeDebugJniLibFolders UP-TO-DATE
> Task :app:mergeDebugNativeLibs UP-TO-DATE
> Task :app:stripDebugDebugSymbols UP-TO-DATE
> Task :app:validateSigningDebug UP-TO-DATE
> Task :app:writeDebugAppMetadata UP-TO-DATE
> Task :app:writeDebugSigningConfigVersions UP-TO-DATE

> Task :app:compileDebugKotlin FAILED
e: file:///D:/Android%20Projects/tll-player/app/src/main/java/com/codesrahul/exclusivetv/MainActivity.kt:289:38 Unresolved reference: TVModel
e: file:///D:/Android%20Projects/tll-player/app/src/main/java/com/codesrahul/exclusivetv/MainActivity.kt:301:41 Cannot infer a type for this parameter. Please specify it explicitly.
e: file:///D:/Android%20Projects/tll-player/app/src/main/java/com/codesrahul/exclusivetv/MainActivity.kt:322:29 Overload resolution ambiguity: 
public final fun show(tvViewModel: TVModel): Unit defined in com.codesrahul.exclusivetv.ChannelFragment
public final fun show(channel: String): Unit defined in com.codesrahul.exclusivetv.ChannelFragment
e: file:///D:/Android%20Projects/tll-player/app/src/main/java/com/codesrahul/exclusivetv/models/TVList.kt:58:82 Unresolved reference: Charsets_UTF_8
e: file:///D:/Android%20Projects/tll-player/app/src/main/java/com/codesrahul/exclusivetv/models/TVList.kt:490:39 Only safe (?.) or non-null asserted (!!.) calls are allowed on a nullable receiver of type TVModel?
e: file:///D:/Android%20Projects/tll-player/app/src/main/java/com/codesrahul/exclusivetv/models/TVList.kt:492:35 Only safe (?.) or non-null asserted (!!.) calls are allowed on a nullable receiver of type TVModel?

FAILURE: Build failed with an exception.

* What went wrong:
Execution failed for task ':app:compileDebugKotlin'.
> A failure occurred while executing org.jetbrains.kotlin.compilerRunner.GradleCompilerRunnerWithWorkers$GradleKotlinCompilerWorkAction
   > Compilation error. See log for more details

* Try:
> Run with --stacktrace option to get the stack trace.
> Run with --info or --debug option to get more log output.
> Run with --scan to get full insights.
> Get more help at https://help.gradle.org.

BUILD FAILED in 3s
33 actionable tasks: 1 executed, 32 up-to-date
